Microchip MPLAB XC8 Compiler V2.36

Linker command line:

-W-3 --edf=D:\Program Files\Microchip\xc8\v2.36\pic\dat\en_msgs.txt -cn \
  -h+dist/default/production\I2CPICMc.X.production.sym \
  --cmf=dist/default/production\I2CPICMc.X.production.cmf -z -Q16F887 \
  -oC:\Users\Olifa\AppData\Local\Temp\xcAsapo.4 --defsym=__MPLAB_BUILD=1 \
  -Mdist/default/production/I2CPICMc.X.production.map \
  --md=C:\Users\Olifa\AppData\Local\Temp\xcAsapo.dat -E1 -ver=XC8 Compiler \
  --acfsm=1493 -ACODE=00h-07FFhx4 -ASTRCODE=00h-01FFFh -ASTRING=00h-0FFhx32 \
  -ACONST=00h-0FFhx32 -AENTRY=00h-0FFhx32 -ACOMMON=070h-07Fh \
  -ABANK0=020h-06Fh -ABANK1=0A0h-0EFh -ABANK2=0110h-016Fh \
  -ABANK3=0190h-01EFh -ARAM=020h-06Fh,0A0h-0EFh,0110h-016Fh,0190h-01EFh \
  -AABS1=020h-07Fh,0A0h-0EFh,0110h-016Fh,0190h-01EFh -ASFR0=00h-01Fh \
  -ASFR1=080h-09Fh -ASFR2=0100h-010Fh -ASFR3=0180h-018Fh \
  -ACONFIG=02007h-02008h -DCONFIG=2 -AIDLOC=02000h-02003h -DIDLOC=2 \
  -AEEDATA=00h-0FFh/02100h -peeprom_data=EEDATA -DEEDATA=2 -DCODE=2 \
  -DSTRCODE=2 -DSTRING=2 -DCONST=2 -DENTRY=2 \
  -preset_vec=00h,intentry,init,end_init -ppowerup=CODE -pcinit=CODE \
  -pfunctab=ENTRY -k C:\Users\Olifa\AppData\Local\Temp\xcAsapo.o \
  dist/default/production\I2CPICMc.X.production.o 

Object code version is 3.11

Machine type is 16F887



                Name                               Link     Load   Length Selector   Space Scale
C:\Users\Olifa\AppData\Local\Temp\xcAsapo.o
                end_init                              0        0        3        0       0
                config                             2007     2007        2        0       4
                idloc                              2000     2000        4        0       5
dist/default/production\I2CPICMc.X.production.o
                cinit                               7F5      7F5        B      FEA       0
                config                             2007     2007        2        0       4
                idloc                              2000     2000        4        0       5
                text8                               606      606        D      C0C       0
                text7                               613      613       16      C26       0
                text6                               715      715       68      E2A       0
                text5                               629      629       46      C52       0
                text4                               6C1      6C1       54      D82       0
                text3                               5FA      5FA        C      BF4       0
                text2                               5F1      5F1        9      BE2       0
                text1                               77D      77D       78      EFA       0
                maintext                            66F      66F       52      CDE       0
                cstackBANK0                          20       20       18       20       1
                cstackCOMMON                         70       70        E       70       1
                dataBANK0                            39       39        1       20       1
                bssBANK0                             38       38        1       20       1
                idataBANK0                          5F0      5F0        1      BE0       0

TOTAL           Name                               Link     Load   Length     Space
        CLASS   CODE           
                end_init                              0        0        3         0
                cinit                               7F5      7F5        B         0
                text8                               606      606        D         0
                text7                               613      613       16         0
                text6                               715      715       68         0
                text5                               629      629       46         0
                text4                               6C1      6C1       54         0
                text3                               5FA      5FA        C         0
                text2                               5F1      5F1        9         0
                text1                               77D      77D       78         0
                maintext                            66F      66F       52         0
                idataBANK0                          5F0      5F0        1         0

        CLASS   STRCODE        

        CLASS   STRING         

        CLASS   CONST          

        CLASS   ENTRY          

        CLASS   COMMON         
                cstackCOMMON                         70       70        E         1

        CLASS   BANK0          
                cstackBANK0                          20       20       18         1
                dataBANK0                            39       39        1         1
                bssBANK0                             38       38        1         1

        CLASS   BANK1          

        CLASS   BANK2          

        CLASS   BANK3          

        CLASS   RAM            

        CLASS   ABS1           
                abs_s1                               7E       7E        2         1

        CLASS   SFR0           

        CLASS   SFR1           

        CLASS   SFR2           

        CLASS   SFR3           

        CLASS   CONFIG         
                config                             2007     2007        2         4

        CLASS   IDLOC          
                idloc                              2000     2000        4         5

        CLASS   EEDATA         

        CLASS   STACK          



SEGMENTS        Name                           Load    Length   Top    Selector   Space  Class     Delta

                reset_vec                      000000  000003  000003         0       0  CODE        2
                cstackBANK0                    000020  00001A  00003A        20       1  BANK0       1
                cstackCOMMON                   000070  00000E  00007E        70       1  COMMON      1
                idataBANK0                     0005F0  000001  0005F1       BE0       0  CODE        2
                text2                          0005F1  000009  0005FA       BE2       0  CODE        2
                text3                          0005FA  00000C  000606       BF4       0  CODE        2
                text8                          000606  00000D  000613       C0C       0  CODE        2
                text7                          000613  000016  000629       C26       0  CODE        2
                text5                          000629  000046  00066F       C52       0  CODE        2
                maintext                       00066F  000052  0006C1       CDE       0  CODE        2
                text4                          0006C1  000054  000715       D82       0  CODE        2
                text6                          000715  000068  00077D       E2A       0  CODE        2
                text1                          00077D  000078  0007F5       EFA       0  CODE        2
                cinit                          0007F5  00000B  000800       FEA       0  CODE        2


UNUSED ADDRESS RANGES

        Name                Unused          Largest block    Delta
        BANK0            003A-006F             36           1
        BANK1            00A0-00EF             50           1
        BANK2            0110-016F             60           1
        BANK3            0190-01EF             60           1
        CODE             0003-05EF            5ED           2
                         0800-1FFF            800
        CONST            0003-05EF            100           2
                         0800-1FFF            100
        EEDATA           2100-21FF            100           2
        ENTRY            0003-05EF            100           2
                         0800-1FFF            100
        RAM              003A-006F             36           1
                         00A0-00EF             50
                         0110-016F             60
                         0190-01EF             60
        SFR0             0000-001F             20           1
        SFR1             0080-009F             20           1
        SFR2             0100-010F             10           1
        SFR3             0180-018F             10           1
        STRCODE          0003-05EF            5ED           2
                         0800-1FFF           1800
        STRING           0003-05EF            100           2
                         0800-1FFF            100

                                  Symbol Table

?___lldiv                   cstackBANK0  0020
?___lmul                    cstackCOMMON 0070
I2CPIC_MasterWrite@Data     cstackCOMMON 0071
I2CPIC_Mset@Clock           cstackBANK0  002D
OSC_set@FreqClockSelect     cstackCOMMON 0072
OSC_set@InternalOsc         cstackCOMMON 0070
_I2CPIC_MasterWrite         text7        0613
_I2CPIC_Mset                text4        06C1
_I2CPIC_Start               text3        05FA
_I2CPIC_Stop                text2        05F1
_I2CPIC_Wait                text8        0606
_INTCON                     (abs)        000B
_OSCCON                     (abs)        008F
_OSCCONbits                 (abs)        008F
_OSC_set                    text1        077D
_PIE1                       (abs)        008C
_PIE1bits                   (abs)        008C
_PIR1                       (abs)        000C
_PIR1bits                   (abs)        000C
_PORTA                      (abs)        0005
_RA0                        (abs)        0028
_SEN                        (abs)        0488
_SSPADD                     (abs)        0093
_SSPBUF                     (abs)        0013
_SSPCON                     (abs)        0014
_SSPCON2                    (abs)        0091
_SSPIF                      (abs)        0063
_SSPSTAT                    (abs)        0094
_TRISA                      (abs)        0085
_TRISC                      (abs)        0087
_TRISC3                     (abs)        043B
_TRISC4                     (abs)        043C
__Habs1                     abs1         0000
__Hbank0                    bank0        0000
__Hbank1                    bank1        0000
__Hbank2                    bank2        0000
__Hbank3                    bank3        0000
__HbssBANK0                 bssBANK0     0000
__Hcinit                    cinit        0800
__Hclrtext                  clrtext      0000
__Hcode                     code         0000
__Hcommon                   common       0000
__Hconfig                   config       2009
__HcstackBANK0              cstackBANK0  0000
__HcstackCOMMON             cstackCOMMON 0000
__HdataBANK0                dataBANK0    0000
__Heeprom_data              eeprom_data  0000
__Hend_init                 end_init     0003
__Hfunctab                  functab      0000
__HidataBANK0               idataBANK0   0000
__Hidloc                    idloc        2004
__Hinit                     init         0000
__Hintentry                 intentry     0000
__Hmaintext                 maintext     0000
__Hpowerup                  powerup      0000
__Hram                      ram          0000
__Hreset_vec                reset_vec    0000
__Hsfr0                     sfr0         0000
__Hsfr1                     sfr1         0000
__Hsfr2                     sfr2         0000
__Hsfr3                     sfr3         0000
__Hspace_0                  (abs)        0800
__Hspace_1                  (abs)        007E
__Hspace_2                  (abs)        0000
__Hspace_3                  (abs)        0000
__Hspace_4                  (abs)        4010
__Hstack                    stack        0000
__Hstrings                  strings      0000
__Htext                     text         0000
__Labs1                     abs1         0000
__Lbank0                    bank0        0000
__Lbank1                    bank1        0000
__Lbank2                    bank2        0000
__Lbank3                    bank3        0000
__LbssBANK0                 bssBANK0     0000
__Lcinit                    cinit        07F5
__Lclrtext                  clrtext      0000
__Lcode                     code         0000
__Lcommon                   common       0000
__Lconfig                   config       0000
__LcstackBANK0              cstackBANK0  0000
__LcstackCOMMON             cstackCOMMON 0000
__LdataBANK0                dataBANK0    0000
__Leeprom_data              eeprom_data  0000
__Lend_init                 end_init     0000
__Lfunctab                  functab      0000
__LidataBANK0               idataBANK0   0000
__Lidloc                    idloc        0000
__Linit                     init         0000
__Lintentry                 intentry     0000
__Lmaintext                 maintext     0000
__Lpowerup                  powerup      0000
__Lram                      ram          0000
__Lreset_vec                reset_vec    0000
__Lsfr0                     sfr0         0000
__Lsfr1                     sfr1         0000
__Lsfr2                     sfr2         0000
__Lsfr3                     sfr3         0000
__Lspace_0                  (abs)        0000
__Lspace_1                  (abs)        0000
__Lspace_2                  (abs)        0000
__Lspace_3                  (abs)        0000
__Lspace_4                  (abs)        0000
__Lstack                    stack        0000
__Lstrings                  strings      0000
__Ltext                     text         0000
__S0                        (abs)        0800
__S1                        (abs)        007E
__S3                        (abs)        0000
___int_sp                   stack        0000
___latbits                  (abs)        0002
___lldiv                    text6        0715
___lldiv@counter            cstackBANK0  002C
___lldiv@dividend           cstackBANK0  0024
___lldiv@divisor            cstackBANK0  0020
___lldiv@quotient           cstackBANK0  0028
___lmul                     text5        0629
___lmul@multiplicand        cstackCOMMON 0074
___lmul@multiplier          cstackCOMMON 0070
___lmul@product             cstackCOMMON 0079
___sp                       stack        0000
___stackhi                  (abs)        0000
___stacklo                  (abs)        0000
__end_of_I2CPIC_MasterWrite text7        0629
__end_of_I2CPIC_Mset        text4        0715
__end_of_I2CPIC_Start       text3        0606
__end_of_I2CPIC_Stop        text2        05FA
__end_of_I2CPIC_Wait        text8        0613
__end_of_OSC_set            text1        07F5
__end_of___lldiv            text6        077D
__end_of___lmul             text5        066F
__end_of__initialization    cinit        07FC
__end_of_main               maintext     06C1
__initialization            cinit        07F5
__pbssBANK0                 bssBANK0     0038
__pcstackBANK0              cstackBANK0  0020
__pcstackCOMMON             cstackCOMMON 0070
__pdataBANK0                dataBANK0    0039
__pidataBANK0               idataBANK0   05F0
__pmaintext                 maintext     066F
__ptext1                    text1        077D
__ptext2                    text2        05F1
__ptext3                    text3        05FA
__ptext4                    text4        06C1
__ptext5                    text5        0629
__ptext6                    text6        0715
__ptext7                    text7        0613
__ptext8                    text8        0606
_main                       maintext     066F
btemp                       (abs)        007E
end_of_initialization       cinit        07FC
intlevel0                   functab      0000
intlevel1                   functab      0000
intlevel2                   functab      0000
intlevel3                   functab      0000
intlevel4                   functab      0000
intlevel5                   functab      0000
reset_vec                   reset_vec    0000
start                       init         0000
start_initialization        cinit        07F5
wtemp0                      (abs)        007E


MODULE INFORMATION

Module		Function		Class		Link	Load	Size
D:\Program Files\Microchip\xc8\v2.36\pic\sources\c90\common\Umul32.c
		___lmul        		CODE           	0629	0000	70

D:\Program Files\Microchip\xc8\v2.36\pic\sources\c90\common\Umul32.c estimated size: 70

./PICOSC.h
		_OSC_set       		CODE           	077D	0000	120

./PICOSC.h estimated size: 120

D:\Program Files\Microchip\xc8\v2.36\pic\sources\c90\common\__lldiv.c
		___lldiv       		CODE           	0715	0000	104

D:\Program Files\Microchip\xc8\v2.36\pic\sources\c90\common\__lldiv.c estimated size: 104

shared
		__initialization		CODE           	07F5	0000	7

shared estimated size: 7

main.c
		_main          		CODE           	066F	0000	82

main.c estimated size: 82

./I2Ccom.h
		_I2CPIC_MasterWrite		CODE           	0613	0000	22
		_I2CPIC_Wait   		CODE           	0606	0000	13
		_I2CPIC_Mset   		CODE           	06C1	0000	84
		_I2CPIC_Stop   		CODE           	05F1	0000	9
		_I2CPIC_Start  		CODE           	05FA	0000	12

./I2Ccom.h estimated size: 140

