Microchip MPLAB XC8 Compiler V2.36

Linker command line:

-W-3 --edf=D:\Program Files\Microchip\xc8\v2.36\pic\dat\en_msgs.txt -cn \
  -h+dist/default/production\UARTPICRc.X.production.sym \
  --cmf=dist/default/production\UARTPICRc.X.production.cmf -z -Q16F887 \
  -oC:\Users\Olifa\AppData\Local\Temp\xcAsb50.4 --defsym=__MPLAB_BUILD=1 \
  -Mdist/default/production/UARTPICRc.X.production.map \
  --md=C:\Users\Olifa\AppData\Local\Temp\xcAsb50.dat -E1 -ver=XC8 Compiler \
  --acfsm=1493 -ACODE=00h-07FFhx4 -ASTRCODE=00h-01FFFh -ASTRING=00h-0FFhx32 \
  -ACONST=00h-0FFhx32 -AENTRY=00h-0FFhx32 -ACOMMON=070h-07Fh \
  -ABANK0=020h-06Fh -ABANK1=0A0h-0EFh -ABANK2=0110h-016Fh \
  -ABANK3=0190h-01EFh -ARAM=020h-06Fh,0A0h-0EFh,0110h-016Fh,0190h-01EFh \
  -AABS1=020h-07Fh,0A0h-0EFh,0110h-016Fh,0190h-01EFh -ASFR0=00h-01Fh \
  -ASFR1=080h-09Fh -ASFR2=0100h-010Fh -ASFR3=0180h-018Fh \
  -ACONFIG=02007h-02008h -DCONFIG=2 -AIDLOC=02000h-02003h -DIDLOC=2 \
  -AEEDATA=00h-0FFh/02100h -peeprom_data=EEDATA -DEEDATA=2 -DCODE=2 \
  -DSTRCODE=2 -DSTRING=2 -DCONST=2 -DENTRY=2 \
  -preset_vec=00h,intentry=04h,init,end_init -ppowerup=CODE -pcinit=CODE \
  -pfunctab=ENTRY -k C:\Users\Olifa\AppData\Local\Temp\xcAsb50.o \
  dist/default/production\UARTPICRc.X.production.o 

Object code version is 3.11

Machine type is 16F887



                Name                               Link     Load   Length Selector   Space Scale
C:\Users\Olifa\AppData\Local\Temp\xcAsb50.o
                end_init                              C        C        3        8       0
                reset_vec                             0        0        3        0       0
                config                             2007     2007        2        0       4
                idloc                              2000     2000        4        0       5
dist/default/production\UARTPICRc.X.production.o
                cinit                                 F        F        5        8       0
                intentry                              4        4        8        8       0
                config                             2007     2007        2        0       4
                idloc                              2000     2000        4        0       5
                text7                               382      382        8        8       0
                text6                               373      373        F        8       0
                text5                               38A      38A        4        8       0
                text4                               29F      29F       78        8       0
                text3                               202      202       9D        8       0
                text2                                14       14      1EE        8       0
                text1                               317      317       32        8       0
                maintext                            349      349       2A        8       0
                cstackBANK0                          20       20       1C       20       1
                cstackCOMMON                         70       70        A       70       1
                bssCOMMON                            7A       7A        1       70       1

TOTAL           Name                               Link     Load   Length     Space
        CLASS   CODE           
                end_init                              C        C        3         0
                cinit                                 F        F        5         0
                intentry                              4        4        8         0
                reset_vec                             0        0        3         0
                text7                               382      382        8         0
                text6                               373      373        F         0
                text5                               38A      38A        4         0
                text4                               29F      29F       78         0
                text3                               202      202       9D         0
                text2                                14       14      1EE         0
                text1                               317      317       32         0
                maintext                            349      349       2A         0

        CLASS   STRCODE        

        CLASS   STRING         

        CLASS   CONST          

        CLASS   ENTRY          

        CLASS   COMMON         
                cstackCOMMON                         70       70        A         1
                bssCOMMON                            7A       7A        1         1

        CLASS   BANK0          
                cstackBANK0                          20       20       1C         1

        CLASS   BANK1          

        CLASS   BANK2          

        CLASS   BANK3          

        CLASS   RAM            

        CLASS   ABS1           
                abs_s1                               7E       7E        2         1

        CLASS   SFR0           

        CLASS   SFR1           

        CLASS   SFR2           

        CLASS   SFR3           

        CLASS   CONFIG         
                config                             2007     2007        2         4

        CLASS   IDLOC          
                idloc                              2000     2000        4         5

        CLASS   EEDATA         

        CLASS   STACK          



SEGMENTS        Name                           Load    Length   Top    Selector   Space  Class     Delta

                reset_vec                      000000  000003  000003         0       0  CODE        2
                intentry                       000004  00038A  00038E         8       0  CODE        2
                cstackBANK0                    000020  00001C  00003C        20       1  BANK0       1
                cstackCOMMON                   000070  00000B  00007B        70       1  COMMON      1


UNUSED ADDRESS RANGES

        Name                Unused          Largest block    Delta
        BANK0            003C-006F             34           1
        BANK1            00A0-00EF             50           1
        BANK2            0110-016F             60           1
        BANK3            0190-01EF             60           1
        CODE             0003-0003              1           2
                         038E-1FFF            800
        COMMON           007B-007D              3           1
        CONST            0003-0003              1           2
                         038E-1FFF            100
        EEDATA           2100-21FF            100           2
        ENTRY            0003-0003              1           2
                         038E-1FFF            100
        RAM              003C-006F             34           1
                         00A0-00EF             50
                         0110-016F             60
                         0190-01EF             60
        SFR0             0000-001F             20           1
        SFR1             0080-009F             20           1
        SFR2             0100-010F             10           1
        SFR3             0180-018F             10           1
        STRCODE          0003-0003              1           2
                         038E-1FFF           1C72
        STRING           0003-0003              1           2
                         038E-1FFF            100

                                  Symbol Table

?___aldiv                  cstackBANK0  0020
OSC_set@FreqClockSelect    cstackCOMMON 0075
OSC_set@InternalOsc        cstackCOMMON 0073
UART_BDset@BitBaudSize     cstackBANK0  002B
UART_BDset@HighSpeed       cstackBANK0  002C
UART_BDset@PeriodBaud      cstackBANK0  0032
UART_BDset@PeriodBaud_88   cstackBANK0  0034
UART_BDset@PeriodBaud_89   cstackBANK0  002E
UART_BDset@PeriodBaud_90   cstackBANK0  0030
UART_BDset@PeriodBaud_91   cstackBANK0  0036
UART_BDset@SyncSel         cstackBANK0  002A
UART_BDset@baud            cstackBANK0  0028
UART_RXset@ContSingRx      cstackCOMMON 0075
UART_RXset@InterruptEnable cstackCOMMON 0073
_BAUDCTL                   (abs)        0187
_INTCON                    (abs)        000B
_IO_set                    text5        038A
_ISR                       text6        0373
_OSCCON                    (abs)        008F
_OSCCONbits                (abs)        008F
_OSC_set                   text4        029F
_PIE1                      (abs)        008C
_PIR1bits                  (abs)        000C
_PORTA                     (abs)        0005
_RCREG                     (abs)        001A
_RCSTA                     (abs)        0018
_Rdata                     bssCOMMON    007A
_SPBRG                     (abs)        0099
_SPBRGH                    (abs)        009A
_TRISA                     (abs)        0085
_TXSTA                     (abs)        0098
_UART_BDset                text2        0014
_UART_BDset$738            cstackBANK0  0038
_UART_RXset                text1        0317
_UART_Rec                  text7        0382
__Habs1                    abs1         0000
__Hbank0                   bank0        0000
__Hbank1                   bank1        0000
__Hbank2                   bank2        0000
__Hbank3                   bank3        0000
__HbssCOMMON               bssCOMMON    0000
__Hcinit                   cinit        0014
__Hclrtext                 clrtext      0000
__Hcode                    code         0000
__Hcommon                  common       0000
__Hconfig                  config       2009
__HcstackBANK0             cstackBANK0  0000
__HcstackCOMMON            cstackCOMMON 0000
__Heeprom_data             eeprom_data  0000
__Hend_init                end_init     000F
__Hfunctab                 functab      0000
__Hidloc                   idloc        2004
__Hinit                    init         000C
__Hintentry                intentry     000C
__Hmaintext                maintext     0000
__Hpowerup                 powerup      0000
__Hram                     ram          0000
__Hreset_vec               reset_vec    0003
__Hsfr0                    sfr0         0000
__Hsfr1                    sfr1         0000
__Hsfr2                    sfr2         0000
__Hsfr3                    sfr3         0000
__Hspace_0                 (abs)        038E
__Hspace_1                 (abs)        007B
__Hspace_2                 (abs)        0000
__Hspace_3                 (abs)        0000
__Hspace_4                 (abs)        4010
__Hstack                   stack        0000
__Hstrings                 strings      0000
__Htext                    text         0000
__Labs1                    abs1         0000
__Lbank0                   bank0        0000
__Lbank1                   bank1        0000
__Lbank2                   bank2        0000
__Lbank3                   bank3        0000
__LbssCOMMON               bssCOMMON    0000
__Lcinit                   cinit        000F
__Lclrtext                 clrtext      0000
__Lcode                    code         0000
__Lcommon                  common       0000
__Lconfig                  config       0000
__LcstackBANK0             cstackBANK0  0000
__LcstackCOMMON            cstackCOMMON 0000
__Leeprom_data             eeprom_data  0000
__Lend_init                end_init     000C
__Lfunctab                 functab      0000
__Lidloc                   idloc        0000
__Linit                    init         000C
__Lintentry                intentry     0004
__Lmaintext                maintext     0000
__Lpowerup                 powerup      0000
__Lram                     ram          0000
__Lreset_vec               reset_vec    0000
__Lsfr0                    sfr0         0000
__Lsfr1                    sfr1         0000
__Lsfr2                    sfr2         0000
__Lsfr3                    sfr3         0000
__Lspace_0                 (abs)        0000
__Lspace_1                 (abs)        0000
__Lspace_2                 (abs)        0000
__Lspace_3                 (abs)        0000
__Lspace_4                 (abs)        0000
__Lstack                   stack        0000
__Lstrings                 strings      0000
__Ltext                    text         0000
__S0                       (abs)        038E
__S1                       (abs)        007B
__S3                       (abs)        0000
___aldiv                   text3        0202
___aldiv@counter           cstackCOMMON 0074
___aldiv@dividend          cstackBANK0  0024
___aldiv@divisor           cstackBANK0  0020
___aldiv@quotient          cstackCOMMON 0076
___aldiv@sign              cstackCOMMON 0075
___int_sp                  stack        0000
___latbits                 (abs)        0002
___sp                      stack        0000
___stackhi                 (abs)        0000
___stacklo                 (abs)        0000
__end_of_IO_set            text5        038E
__end_of_ISR               text6        0382
__end_of_OSC_set           text4        0317
__end_of_UART_BDset        text2        0202
__end_of_UART_RXset        text1        0349
__end_of_UART_Rec          text7        038A
__end_of___aldiv           text3        029F
__end_of__initialization   cinit        0010
__end_of_main              maintext     0373
__initialization           cinit        000F
__pbssCOMMON               bssCOMMON    007A
__pcstackBANK0             cstackBANK0  0020
__pcstackCOMMON            cstackCOMMON 0070
__pintentry                intentry     0004
__pmaintext                maintext     0349
__ptext1                   text1        0317
__ptext2                   text2        0014
__ptext3                   text3        0202
__ptext4                   text4        029F
__ptext5                   text5        038A
__ptext6                   text6        0373
__ptext7                   text7        0382
_main                      maintext     0349
btemp                      (abs)        007E
end_of_initialization      cinit        0010
interrupt_function         intentry     0004
intlevel0                  functab      0000
intlevel1                  functab      0000
intlevel2                  functab      0000
intlevel3                  functab      0000
intlevel4                  functab      0000
intlevel5                  functab      0000
reset_vec                  reset_vec    0000
saved_w                    (abs)        007E
start                      init         000C
start_initialization       cinit        000F
wtemp0                     (abs)        007E


MODULE INFORMATION

Module		Function		Class		Link	Load	Size
./PICOSC.h
		_OSC_set       		CODE           	029F	0000	120

./PICOSC.h estimated size: 120

shared
		__initialization		CODE           	000F	0000	1

shared estimated size: 1

D:\Program Files\Microchip\xc8\v2.36\pic\sources\c90\common\aldiv.c
		___aldiv       		CODE           	0202	0000	157

D:\Program Files\Microchip\xc8\v2.36\pic\sources\c90\common\aldiv.c estimated size: 157

main.c
		_ISR           		CODE           	0373	0000	15
		_main          		CODE           	0349	0000	42
		_IO_set        		CODE           	038A	0000	4

main.c estimated size: 61

./UARTcom.h
		_UART_Rec      		CODE           	0382	0000	8
		_UART_RXset    		CODE           	0317	0000	50
		_UART_BDset    		CODE           	0014	0000	494

./UARTcom.h estimated size: 552

