Microchip MPLAB XC8 Compiler V2.36

Linker command line:

-W-3 --edf=D:\Program Files\Microchip\xc8\v2.36\pic\dat\en_msgs.txt -cn \
  -h+dist/default/production\SPIPICMc.X.production.sym \
  --cmf=dist/default/production\SPIPICMc.X.production.cmf -z -Q16F887 \
  -oC:\Users\Olifa\AppData\Local\Temp\xcAs4ro.4 --defsym=__MPLAB_BUILD=1 \
  -Mdist/default/production/SPIPICMc.X.production.map \
  --md=C:\Users\Olifa\AppData\Local\Temp\xcAs4ro.dat -E1 -ver=XC8 Compiler \
  --acfsm=1493 -ACODE=00h-07FFhx4 -ASTRCODE=00h-01FFFh -ASTRING=00h-0FFhx32 \
  -ACONST=00h-0FFhx32 -AENTRY=00h-0FFhx32 -ACOMMON=070h-07Fh \
  -ABANK0=020h-06Fh -ABANK1=0A0h-0EFh -ABANK2=0110h-016Fh \
  -ABANK3=0190h-01EFh -ARAM=020h-06Fh,0A0h-0EFh,0110h-016Fh,0190h-01EFh \
  -AABS1=020h-07Fh,0A0h-0EFh,0110h-016Fh,0190h-01EFh -ASFR0=00h-01Fh \
  -ASFR1=080h-09Fh -ASFR2=0100h-010Fh -ASFR3=0180h-018Fh \
  -ACONFIG=02007h-02008h -DCONFIG=2 -AIDLOC=02000h-02003h -DIDLOC=2 \
  -AEEDATA=00h-0FFh/02100h -peeprom_data=EEDATA -DEEDATA=2 -DCODE=2 \
  -DSTRCODE=2 -DSTRING=2 -DCONST=2 -DENTRY=2 \
  -preset_vec=00h,intentry,init,end_init -ppowerup=CODE -pcinit=CODE \
  -pfunctab=ENTRY -k C:\Users\Olifa\AppData\Local\Temp\xcAs4ro.o \
  dist/default/production\SPIPICMc.X.production.o 

Object code version is 3.11

Machine type is 16F887



                Name                               Link     Load   Length Selector   Space Scale
C:\Users\Olifa\AppData\Local\Temp\xcAs4ro.o
                end_init                              0        0        3        0       0
                config                             2007     2007        2        0       4
                idloc                              2000     2000        4        0       5
dist/default/production\SPIPICMc.X.production.o
                cinit                               7F5      7F5        B      FEA       0
                config                             2007     2007        2        0       4
                idloc                              2000     2000        4        0       5
                text6                               61B      61B        A      C36       0
                text5                               6D9      6D9       78      DB2       0
                text4                               751      751       A4      EA2       0
                text3                               614      614        7      C28       0
                text2                               625      625        E      C4A       0
                text1                               666      666       73      CCC       0
                maintext                            633      633       33      C66       0
                cstackCOMMON                         70       70        7       70       1
                dataCOMMON                           78       78        1       70       1
                bssCOMMON                            77       77        1       70       1
                idataCOMMON                         613      613        1      C26       0

TOTAL           Name                               Link     Load   Length     Space
        CLASS   CODE           
                end_init                              0        0        3         0
                cinit                               7F5      7F5        B         0
                text6                               61B      61B        A         0
                text5                               6D9      6D9       78         0
                text4                               751      751       A4         0
                text3                               614      614        7         0
                text2                               625      625        E         0
                text1                               666      666       73         0
                maintext                            633      633       33         0
                idataCOMMON                         613      613        1         0

        CLASS   STRCODE        

        CLASS   STRING         

        CLASS   CONST          

        CLASS   ENTRY          

        CLASS   COMMON         
                cstackCOMMON                         70       70        7         1
                dataCOMMON                           78       78        1         1
                bssCOMMON                            77       77        1         1

        CLASS   BANK0          

        CLASS   BANK1          

        CLASS   BANK2          

        CLASS   BANK3          

        CLASS   RAM            

        CLASS   ABS1           
                abs_s1                               7E       7E        2         1

        CLASS   SFR0           

        CLASS   SFR1           

        CLASS   SFR2           

        CLASS   SFR3           

        CLASS   CONFIG         
                config                             2007     2007        2         4

        CLASS   IDLOC          
                idloc                              2000     2000        4         5

        CLASS   EEDATA         

        CLASS   STACK          



SEGMENTS        Name                           Load    Length   Top    Selector   Space  Class     Delta

                reset_vec                      000000  000003  000003         0       0  CODE        2
                cstackCOMMON                   000070  000009  000079        70       1  COMMON      1
                idataCOMMON                    000613  000001  000614       C26       0  CODE        2
                text3                          000614  000007  00061B       C28       0  CODE        2
                text6                          00061B  00000A  000625       C36       0  CODE        2
                text2                          000625  00000E  000633       C4A       0  CODE        2
                maintext                       000633  000033  000666       C66       0  CODE        2
                text1                          000666  000073  0006D9       CCC       0  CODE        2
                text5                          0006D9  000078  000751       DB2       0  CODE        2
                text4                          000751  0000A4  0007F5       EA2       0  CODE        2
                cinit                          0007F5  00000B  000800       FEA       0  CODE        2


UNUSED ADDRESS RANGES

        Name                Unused          Largest block    Delta
        BANK0            0020-006F             50           1
        BANK1            00A0-00EF             50           1
        BANK2            0110-016F             60           1
        BANK3            0190-01EF             60           1
        CODE             0003-0612            610           2
                         0800-1FFF            800
        COMMON           0079-007D              5           1
        CONST            0003-0612            100           2
                         0800-1FFF            100
        EEDATA           2100-21FF            100           2
        ENTRY            0003-0612            100           2
                         0800-1FFF            100
        RAM              0020-006F             50           1
                         00A0-00EF             50
                         0110-016F             60
                         0190-01EF             60
        SFR0             0000-001F             20           1
        SFR1             0080-009F             20           1
        SFR2             0100-010F             10           1
        SFR3             0180-018F             10           1
        STRCODE          0003-0612            610           2
                         0800-1FFF           1800
        STRING           0003-0612            100           2
                         0800-1FFF            100

                                  Symbol Table

OSC_set@FreqClockSelect  cstackCOMMON 0072
OSC_set@InternalOsc      cstackCOMMON 0070
SPIPIC_set@DataMode      cstackCOMMON 0071
SPIPIC_set@EdgeSampled   cstackCOMMON 0070
SPIPIC_set@FrqSCK        cstackCOMMON 0074
SPIPIC_set@Role          cstackCOMMON 0073
SPIPIC_tnr@Data          cstackCOMMON 0070
SSstart@Port             cstackCOMMON 0074
SSstart@SlaveNum         cstackCOMMON 0070
_IO_set                  text6        061B
_OSCCON                  (abs)        008F
_OSCCONbits              (abs)        008F
_OSC_set                 text5        06D9
_PORTA                   (abs)        0005
_PORTB                   (abs)        0006
_PORTC                   (abs)        0007
_PORTD                   (abs)        0008
_PORTE                   (abs)        0009
_SPIPIC_Rwait            text3        0614
_SPIPIC_set              text4        0751
_SPIPIC_tnr              text2        0625
_SSPBUF                  (abs)        0013
_SSPCON                  (abs)        0014
_SSPSTAT                 (abs)        0094
_SSPSTATbits             (abs)        0094
_SSstart                 text1        0666
_TRISB                   (abs)        0086
_TRISC3                  (abs)        043B
_TRISC5                  (abs)        043D
__Habs1                  abs1         0000
__Hbank0                 bank0        0000
__Hbank1                 bank1        0000
__Hbank2                 bank2        0000
__Hbank3                 bank3        0000
__HbssCOMMON             bssCOMMON    0000
__Hcinit                 cinit        0800
__Hclrtext               clrtext      0000
__Hcode                  code         0000
__Hcommon                common       0000
__Hconfig                config       2009
__HcstackCOMMON          cstackCOMMON 0000
__HdataCOMMON            dataCOMMON   0000
__Heeprom_data           eeprom_data  0000
__Hend_init              end_init     0003
__Hfunctab               functab      0000
__HidataCOMMON           idataCOMMON  0000
__Hidloc                 idloc        2004
__Hinit                  init         0000
__Hintentry              intentry     0000
__Hmaintext              maintext     0000
__Hpowerup               powerup      0000
__Hram                   ram          0000
__Hreset_vec             reset_vec    0000
__Hsfr0                  sfr0         0000
__Hsfr1                  sfr1         0000
__Hsfr2                  sfr2         0000
__Hsfr3                  sfr3         0000
__Hspace_0               (abs)        0800
__Hspace_1               (abs)        0079
__Hspace_2               (abs)        0000
__Hspace_3               (abs)        0000
__Hspace_4               (abs)        4010
__Hstack                 stack        0000
__Hstrings               strings      0000
__Htext                  text         0000
__Labs1                  abs1         0000
__Lbank0                 bank0        0000
__Lbank1                 bank1        0000
__Lbank2                 bank2        0000
__Lbank3                 bank3        0000
__LbssCOMMON             bssCOMMON    0000
__Lcinit                 cinit        07F5
__Lclrtext               clrtext      0000
__Lcode                  code         0000
__Lcommon                common       0000
__Lconfig                config       0000
__LcstackCOMMON          cstackCOMMON 0000
__LdataCOMMON            dataCOMMON   0000
__Leeprom_data           eeprom_data  0000
__Lend_init              end_init     0000
__Lfunctab               functab      0000
__LidataCOMMON           idataCOMMON  0000
__Lidloc                 idloc        0000
__Linit                  init         0000
__Lintentry              intentry     0000
__Lmaintext              maintext     0000
__Lpowerup               powerup      0000
__Lram                   ram          0000
__Lreset_vec             reset_vec    0000
__Lsfr0                  sfr0         0000
__Lsfr1                  sfr1         0000
__Lsfr2                  sfr2         0000
__Lsfr3                  sfr3         0000
__Lspace_0               (abs)        0000
__Lspace_1               (abs)        0000
__Lspace_2               (abs)        0000
__Lspace_3               (abs)        0000
__Lspace_4               (abs)        0000
__Lstack                 stack        0000
__Lstrings               strings      0000
__Ltext                  text         0000
__S0                     (abs)        0800
__S1                     (abs)        0079
__S3                     (abs)        0000
___int_sp                stack        0000
___latbits               (abs)        0002
___sp                    stack        0000
___stackhi               (abs)        0000
___stacklo               (abs)        0000
__end_of_IO_set          text6        0625
__end_of_OSC_set         text5        0751
__end_of_SPIPIC_Rwait    text3        061B
__end_of_SPIPIC_set      text4        07F5
__end_of_SPIPIC_tnr      text2        0633
__end_of_SSstart         text1        06D9
__end_of__initialization cinit        07FC
__end_of_main            maintext     0666
__initialization         cinit        07F5
__pbssCOMMON             bssCOMMON    0077
__pcstackCOMMON          cstackCOMMON 0070
__pdataCOMMON            dataCOMMON   0078
__pidataCOMMON           idataCOMMON  0613
__pmaintext              maintext     0633
__ptext1                 text1        0666
__ptext2                 text2        0625
__ptext3                 text3        0614
__ptext4                 text4        0751
__ptext5                 text5        06D9
__ptext6                 text6        061B
_main                    maintext     0633
_rData                   bssCOMMON    0077
btemp                    (abs)        007E
end_of_initialization    cinit        07FC
intlevel0                functab      0000
intlevel1                functab      0000
intlevel2                functab      0000
intlevel3                functab      0000
intlevel4                functab      0000
intlevel5                functab      0000
reset_vec                reset_vec    0000
start                    init         0000
start_initialization     cinit        07F5
wtemp0                   (abs)        007E


MODULE INFORMATION

Module		Function		Class		Link	Load	Size
./PICOSC.h
		_OSC_set       		CODE           	06D9	0000	120

./PICOSC.h estimated size: 120

./SPIcom.h
		_SSstart       		CODE           	0666	0000	115
		_SPIPIC_set    		CODE           	0751	0000	164
		_SPIPIC_tnr    		CODE           	0625	0000	14
		_SPIPIC_Rwait  		CODE           	0614	0000	7

./SPIcom.h estimated size: 300

shared
		__initialization		CODE           	07F5	0000	7

shared estimated size: 7

main.c
		_main          		CODE           	0633	0000	51
		_IO_set        		CODE           	061B	0000	10

main.c estimated size: 61

