Microchip MPLAB XC8 Compiler V2.36

Linker command line:

-W-3 --edf=D:\Program Files\Microchip\xc8\v2.36\pic\dat\en_msgs.txt -cn \
  -h+dist/default/debug\SPIPICMc.X.debug.sym \
  --cmf=dist/default/debug\SPIPICMc.X.debug.cmf -z -Q16F887 \
  -oC:\Users\Olifa\AppData\Local\Temp\xcAs248.4 --defsym=__MPLAB_BUILD=1 \
  -Mdist/default/debug/SPIPICMc.X.debug.map \
  --md=C:\Users\Olifa\AppData\Local\Temp\xcAs248.dat -E1 -ver=XC8 Compiler \
  --acfsm=1493 -ACODE=00h-07FFhx3,01800h-01EFFh -ASTRCODE=00h-01EFFh \
  -ASTRING=00h-0FFhx31 -ACONST=00h-0FFhx31 -AENTRY=00h-0FFhx31 \
  -ACOMMON=071h-07Fh -ABANK0=020h-06Fh -ABANK1=0A0h-0EFh \
  -ABANK2=0110h-016Fh -ABANK3=0190h-01E4h \
  -ARAM=020h-06Fh,0A0h-0EFh,0110h-016Fh,0190h-01E4h \
  -AABS1=020h-07Fh,0A0h-0EFh,0110h-016Fh,0190h-01EFh -ASFR0=00h-01Fh \
  -ASFR1=080h-09Fh -ASFR2=0100h-010Fh -ASFR3=0180h-018Fh \
  -ACONFIG=02007h-02008h -DCONFIG=2 -AIDLOC=02000h-02003h -DIDLOC=2 \
  -AEEDATA=00h-0FFh/02100h -peeprom_data=EEDATA -DEEDATA=2 -DCODE=2 \
  -DSTRCODE=2 -DSTRING=2 -DCONST=2 -DENTRY=2 \
  -preset_vec=00h,intentry,init,end_init -ppowerup=CODE -pcinit=CODE \
  -pfunctab=ENTRY -k C:\Users\Olifa\AppData\Local\Temp\xcAs248.o \
  dist/default/debug\SPIPICMc.X.debug.o 

Object code version is 3.11

Machine type is 16F887



                Name                               Link     Load   Length Selector   Space Scale
C:\Users\Olifa\AppData\Local\Temp\xcAs248.o
                end_init                              1        1        3        0       0
                reset_vec                             0        0        1        0       0
                config                             2007     2007        2        0       4
                idloc                              2000     2000        4        0       5
dist/default/debug\SPIPICMc.X.debug.o
                cinit                               7FA      7FA        6      FF4       0
                config                             2007     2007        2        0       4
                idloc                              2000     2000        4        0       5
                text6                               5BC      5BC       5A      B78       0
                text5                               6F7      6F7       78      DEE       0
                text4                               76F      76F       8B      EDE       0
                text3                               56B      56B        B      AD6       0
                text2                               684      684       73      D08       0
                text1                               616      616       6E      C2C       0
                maintext                            576      576       46      AEC       0
                cstackCOMMON                         71       71        A       71       1
                bssCOMMON                            7B       7B        2       71       1

TOTAL           Name                               Link     Load   Length     Space
        CLASS   CODE           
                end_init                              1        1        3         0
                cinit                               7FA      7FA        6         0
                reset_vec                             0        0        1         0
                text6                               5BC      5BC       5A         0
                text5                               6F7      6F7       78         0
                text4                               76F      76F       8B         0
                text3                               56B      56B        B         0
                text2                               684      684       73         0
                text1                               616      616       6E         0
                maintext                            576      576       46         0

        CLASS   STRCODE        

        CLASS   STRING         

        CLASS   CONST          

        CLASS   ENTRY          

        CLASS   COMMON         
                cstackCOMMON                         71       71        A         1
                bssCOMMON                            7B       7B        2         1

        CLASS   BANK0          

        CLASS   BANK1          

        CLASS   BANK2          

        CLASS   BANK3          

        CLASS   RAM            

        CLASS   ABS1           
                abs_s1                               7E       7E        2         1

        CLASS   SFR0           

        CLASS   SFR1           

        CLASS   SFR2           

        CLASS   SFR3           

        CLASS   CONFIG         
                config                             2007     2007        2         4

        CLASS   IDLOC          
                idloc                              2000     2000        4         5

        CLASS   EEDATA         

        CLASS   STACK          



SEGMENTS        Name                           Load    Length   Top    Selector   Space  Class     Delta

                reset_vec                      000000  000004  000004         0       0  CODE        2
                cstackCOMMON                   000071  00000C  00007D        71       1  COMMON      1
                text3                          00056B  00000B  000576       AD6       0  CODE        2
                maintext                       000576  000046  0005BC       AEC       0  CODE        2
                text6                          0005BC  00005A  000616       B78       0  CODE        2
                text1                          000616  00006E  000684       C2C       0  CODE        2
                text2                          000684  000073  0006F7       D08       0  CODE        2
                text5                          0006F7  000078  00076F       DEE       0  CODE        2
                text4                          00076F  00008B  0007FA       EDE       0  CODE        2
                cinit                          0007FA  000006  000800       FF4       0  CODE        2


UNUSED ADDRESS RANGES

        Name                Unused          Largest block    Delta
        BANK0            0020-006F             50           1
        BANK1            00A0-00EF             50           1
        BANK2            0110-016F             60           1
        BANK3            0190-01E4             55           1
        CODE             0004-056A            567           2
                         0800-1EFF            800
        COMMON           007D-007D              1           1
        CONST            0004-056A            100           2
                         0800-1EFF            100
        EEDATA           2100-21FF            100           2
        ENTRY            0004-056A            100           2
                         0800-1EFF            100
        RAM              0020-006F             50           1
                         00A0-00EF             50
                         0110-016F             60
                         0190-01E4             55
        SFR0             0000-001F             20           1
        SFR1             0080-009F             20           1
        SFR2             0100-010F             10           1
        SFR3             0180-018F             10           1
        STRCODE          0004-056A            567           2
                         0800-1EFF           1700
        STRING           0004-056A            100           2
                         0800-1EFF            100

                                  Symbol Table

OSC_set@FreqClockSelect  cstackCOMMON 0073
OSC_set@InternalOsc      cstackCOMMON 0071
SPIPIC_set@DataMode      cstackCOMMON 0073
SPIPIC_set@EdgeSampled   cstackCOMMON 0072
SPIPIC_set@Enable        cstackCOMMON 0079
SPIPIC_set@FrqSCK        cstackCOMMON 0076
SPIPIC_set@IntEnable     cstackCOMMON 0071
SPIPIC_set@Role          cstackCOMMON 0075
SPIPIC_tnr@Data          cstackCOMMON 0071
SSstart@Port             cstackCOMMON 0075
SSstart@SlaveNum         cstackCOMMON 0071
SSstop@Port              cstackCOMMON 0075
SSstop@SlaveNum          cstackCOMMON 0071
_INTCON                  (abs)        000B
_IO_set                  text6        05BC
_OSCCON                  (abs)        008F
_OSCCONbits              (abs)        008F
_OSC_set                 text5        06F7
_PIE1                    (abs)        008C
_PIR1bits                (abs)        000C
_PORTA                   (abs)        0005
_PORTB                   (abs)        0006
_PORTC                   (abs)        0007
_PORTD                   (abs)        0008
_PORTE                   (abs)        0009
_RB7                     (abs)        0037
_SPIPIC_set              text4        076F
_SPIPIC_tnr              text3        056B
_SSPBUF                  (abs)        0013
_SSPCON                  (abs)        0014
_SSPSTAT                 (abs)        0094
_SSstart                 text2        0684
_SSstop                  text1        0616
_TRISA                   (abs)        0085
_TRISB                   (abs)        0086
_TRISB7                  (abs)        0437
_TRISC                   (abs)        0087
_TRISC3                  (abs)        043B
_TRISC4                  (abs)        043C
_TRISC5                  (abs)        043D
__Habs1                  abs1         0000
__Hbank0                 bank0        0000
__Hbank1                 bank1        0000
__Hbank2                 bank2        0000
__Hbank3                 bank3        0000
__HbssCOMMON             bssCOMMON    0000
__Hcinit                 cinit        0800
__Hclrtext               clrtext      0000
__Hcode                  code         0000
__Hcommon                common       0000
__Hconfig                config       2009
__HcstackCOMMON          cstackCOMMON 0000
__Heeprom_data           eeprom_data  0000
__Hend_init              end_init     0004
__Hfunctab               functab      0000
__Hidloc                 idloc        2004
__Hinit                  init         0001
__Hintentry              intentry     0001
__Hmaintext              maintext     0000
__Hpowerup               powerup      0000
__Hram                   ram          0000
__Hreset_vec             reset_vec    0001
__Hsfr0                  sfr0         0000
__Hsfr1                  sfr1         0000
__Hsfr2                  sfr2         0000
__Hsfr3                  sfr3         0000
__Hspace_0               (abs)        0800
__Hspace_1               (abs)        007D
__Hspace_2               (abs)        0000
__Hspace_3               (abs)        0000
__Hspace_4               (abs)        4010
__Hstack                 stack        0000
__Hstrings               strings      0000
__Htext                  text         0000
__Labs1                  abs1         0000
__Lbank0                 bank0        0000
__Lbank1                 bank1        0000
__Lbank2                 bank2        0000
__Lbank3                 bank3        0000
__LbssCOMMON             bssCOMMON    0000
__Lcinit                 cinit        07FA
__Lclrtext               clrtext      0000
__Lcode                  code         0000
__Lcommon                common       0000
__Lconfig                config       0000
__LcstackCOMMON          cstackCOMMON 0000
__Leeprom_data           eeprom_data  0000
__Lend_init              end_init     0001
__Lfunctab               functab      0000
__Lidloc                 idloc        0000
__Linit                  init         0001
__Lintentry              intentry     0001
__Lmaintext              maintext     0000
__Lpowerup               powerup      0000
__Lram                   ram          0000
__Lreset_vec             reset_vec    0000
__Lsfr0                  sfr0         0000
__Lsfr1                  sfr1         0000
__Lsfr2                  sfr2         0000
__Lsfr3                  sfr3         0000
__Lspace_0               (abs)        0000
__Lspace_1               (abs)        0000
__Lspace_2               (abs)        0000
__Lspace_3               (abs)        0000
__Lspace_4               (abs)        0000
__Lstack                 stack        0000
__Lstrings               strings      0000
__Ltext                  text         0000
__S0                     (abs)        0800
__S1                     (abs)        007D
__S3                     (abs)        0000
___int_sp                stack        0000
___latbits               (abs)        0002
___sp                    stack        0000
___stackhi               (abs)        0000
___stacklo               (abs)        0000
__end_of_IO_set          text6        0616
__end_of_OSC_set         text5        076F
__end_of_SPIPIC_set      text4        07FA
__end_of_SPIPIC_tnr      text3        0576
__end_of_SSstart         text2        06F7
__end_of_SSstop          text1        0684
__end_of__initialization cinit        07FC
__end_of_main            maintext     05BC
__initialization         cinit        07FA
__pbssCOMMON             bssCOMMON    007B
__pcstackCOMMON          cstackCOMMON 0071
__pmaintext              maintext     0576
__ptext1                 text1        0616
__ptext2                 text2        0684
__ptext3                 text3        056B
__ptext4                 text4        076F
__ptext5                 text5        06F7
__ptext6                 text6        05BC
_main                    maintext     0576
_rData                   bssCOMMON    007B
btemp                    (abs)        007E
end_of_initialization    cinit        07FC
intlevel0                functab      0000
intlevel1                functab      0000
intlevel2                functab      0000
intlevel3                functab      0000
intlevel4                functab      0000
intlevel5                functab      0000
reset_vec                reset_vec    0000
start                    init         0001
start_initialization     cinit        07FA
wtemp0                   (abs)        007E


MODULE INFORMATION

Module		Function		Class		Link	Load	Size
./PICOSC.h
		_OSC_set       		CODE           	06F7	0000	120

./PICOSC.h estimated size: 120

./SPIcom.h
		_SSstop        		CODE           	0616	0000	110
		_SSstart       		CODE           	0684	0000	115
		_SPIPIC_set    		CODE           	076F	0000	139
		_SPIPIC_tnr    		CODE           	056B	0000	11

./SPIcom.h estimated size: 375

shared
		__initialization		CODE           	07FA	0000	2

shared estimated size: 2

main.c
		_main          		CODE           	0576	0000	70
		_IO_set        		CODE           	05BC	0000	90

main.c estimated size: 160

